Java HotSpot(TM) Client VM (25.60-b23) for windows-x86 JRE (1.8.0_60-b27), built on Aug  4 2015 10:57:40 by "java_re" with MS VC++ 10.0 (VS2010)
Memory: 4k page, physical 3399160k(995136k free), swap 6796604k(3629564k free)
CommandLine flags: -XX:InitialHeapSize=1048576000 -XX:MaxHeapSize=1048576000 -XX:MaxNewSize=1048576 -XX:NewSize=1048576 -XX:+PrintGC -XX:+PrintGCDetails -XX:+PrintGCTimeStamps -XX:-UseLargePagesIndividualAllocation -XX:+UseSerialGC 
0.164: [GC (Allocation Failure) 0.165: [DefNew: 896K->64K(960K), 0.0019396 secs] 896K->615K(1023936K), 0.0021371 secs] [Times: user=0.00 sys=0.00, real=0.00 secs] 
0.242: [GC (Allocation Failure) 0.242: [DefNew: 960K->64K(960K), 0.0020429 secs] 1511K->1465K(1023936K), 0.0021382 secs] [Times: user=0.00 sys=0.00, real=0.00 secs] 
0.288: [GC (Allocation Failure) 0.288: [DefNew: 960K->63K(960K), 0.0020307 secs] 2361K->2331K(1023936K), 0.0021277 secs] [Times: user=0.00 sys=0.00, real=0.00 secs] 
0.337: [GC (Allocation Failure) 0.337: [DefNew: 959K->63K(960K), 0.0017409 secs] 3227K->3226K(1023936K), 0.0018247 secs] [Times: user=0.00 sys=0.00, real=0.00 secs] 
0.386: [GC (Allocation Failure) 0.387: [DefNew: 959K->63K(960K), 0.0022632 secs] 4122K->4112K(1023936K), 0.0023550 secs] [Times: user=0.00 sys=0.00, real=0.00 secs] 
0.440: [GC (Allocation Failure) 0.440: [DefNew: 959K->64K(960K), 0.0019218 secs] 5008K->4994K(1023936K), 0.0020048 secs] [Times: user=0.00 sys=0.00, real=0.00 secs] 
0.575: [GC (Allocation Failure) 0.575: [DefNew: 960K->63K(960K), 0.0014658 secs] 5890K->5879K(1023936K), 0.0015189 secs] [Times: user=0.00 sys=0.00, real=0.00 secs] 
0.623: [GC (Allocation Failure) 0.623: [DefNew: 959K->63K(960K), 0.0012951 secs] 6775K->6759K(1023936K), 0.0013527 secs] [Times: user=0.00 sys=0.00, real=0.00 secs] 
0.688: [GC (Allocation Failure) 0.688: [DefNew: 959K->64K(960K), 0.0020171 secs] 7655K->7650K(1023936K), 0.0021106 secs] [Times: user=0.01 sys=0.00, real=0.00 secs] 
0.760: [GC (Allocation Failure) 0.760: [DefNew: 960K->63K(960K), 0.0016313 secs] 8546K->8523K(1023936K), 0.0016987 secs] [Times: user=0.00 sys=0.00, real=0.00 secs] 
0.807: [GC (Allocation Failure) 0.807: [DefNew: 959K->63K(960K), 0.0019155 secs] 9419K->9406K(1023936K), 0.0020146 secs] [Times: user=0.00 sys=0.00, real=0.00 secs] 
0.854: [GC (Allocation Failure) 0.854: [DefNew: 959K->63K(960K), 0.0028699 secs] 10302K->10289K(1023936K), 0.0029662 secs] [Times: user=0.00 sys=0.00, real=0.00 secs] 
0.966: [GC (Allocation Failure) 0.966: [DefNew: 959K->63K(960K), 0.0025026 secs] 11185K->11168K(1023936K), 0.0025875 secs] [Times: user=0.00 sys=0.00, real=0.00 secs] 
1.052: [GC (Allocation Failure) 1.052: [DefNew: 959K->63K(960K), 0.0032137 secs] 12064K->12049K(1023936K), 0.0032787 secs] [Times: user=0.00 sys=0.00, real=0.00 secs] 
1.130: [GC (Allocation Failure) 1.130: [DefNew: 959K->63K(960K), 0.0015915 secs] 12945K->12928K(1023936K), 0.0016666 secs] [Times: user=0.00 sys=0.00, real=0.00 secs] 
1.178: [GC (Allocation Failure) 1.178: [DefNew: 959K->64K(960K), 0.0020017 secs] 13824K->13810K(1023936K), 0.0020771 secs] [Times: user=0.00 sys=0.00, real=0.00 secs] 
1.246: [GC (Allocation Failure) 1.246: [DefNew: 960K->64K(960K), 0.0020408 secs] 14706K->14693K(1023936K), 0.0021204 secs] [Times: user=0.00 sys=0.00, real=0.00 secs] 
1.371: [GC (Allocation Failure) 1.371: [DefNew: 960K->64K(960K), 0.0019881 secs] 15589K->15561K(1023936K), 0.0020593 secs] [Times: user=0.00 sys=0.00, real=0.00 secs] 
1.423: [GC (Allocation Failure) 1.423: [DefNew: 960K->63K(960K), 0.0030088 secs] 16457K->16435K(1023936K), 0.0030985 secs] [Times: user=0.00 sys=0.00, real=0.00 secs] 
1.469: [GC (Allocation Failure) 1.469: [DefNew: 959K->63K(960K), 0.0018593 secs] 17331K->17260K(1023936K), 0.0020268 secs] [Times: user=0.00 sys=0.00, real=0.00 secs] 
1.517: [GC (Allocation Failure) 1.517: [DefNew: 959K->63K(960K), 0.0019839 secs] 18156K->18088K(1023936K), 0.0020551 secs] [Times: user=0.00 sys=0.00, real=0.00 secs] 
1.564: [GC (Allocation Failure) 1.564: [DefNew: 959K->64K(960K), 0.0031076 secs] 18984K->18942K(1023936K), 0.0031998 secs] [Times: user=0.00 sys=0.00, real=0.00 secs] 
1.618: [GC (Allocation Failure) 1.618: [DefNew: 960K->63K(960K), 0.0031045 secs] 19838K->19817K(1023936K), 0.0031966 secs] [Times: user=0.00 sys=0.00, real=0.00 secs] 
1.667: [GC (Allocation Failure) 1.667: [DefNew: 959K->63K(960K), 0.0019787 secs] 20713K->20642K(1023936K), 0.0020492 secs] [Times: user=0.00 sys=0.00, real=0.00 secs] 
1.714: [GC (Allocation Failure) 1.714: [DefNew: 959K->64K(960K), 0.0022171 secs] 21538K->21474K(1023936K), 0.0022883 secs] [Times: user=0.00 sys=0.00, real=0.00 secs] 
1.761: [GC (Allocation Failure) 1.761: [DefNew: 960K->64K(960K), 0.0022558 secs] 22370K->22296K(1023936K), 0.0023284 secs] [Times: user=0.00 sys=0.00, real=0.00 secs] 
1.810: [GC (Allocation Failure) 1.810: [DefNew: 960K->63K(960K), 0.0024740 secs] 23192K->23143K(1023936K), 0.0025512 secs] [Times: user=0.02 sys=0.00, real=0.00 secs] 
1.861: [GC (Allocation Failure) 1.861: [DefNew: 959K->64K(960K), 0.0030532 secs] 24039K->23984K(1023936K), 0.0031422 secs] [Times: user=0.00 sys=0.00, real=0.00 secs] 
1.924: [GC (Allocation Failure) 1.924: [DefNew: 960K->64K(960K), 0.0030071 secs] 24880K->24852K(1023936K), 0.0030947 secs] [Times: user=0.00 sys=0.00, real=0.00 secs] 
2.034: [GC (Allocation Failure) 2.034: [DefNew: 960K->64K(960K), 0.0032734 secs] 25748K->25718K(1023936K), 0.0033646 secs] [Times: user=0.00 sys=0.00, real=0.00 secs] 
2.127: [GC (Allocation Failure) 2.127: [DefNew: 960K->64K(960K), 0.0023141 secs] 26614K->26546K(1023936K), 0.0023878 secs] [Times: user=0.00 sys=0.00, real=0.00 secs] 
2.207: [GC (Allocation Failure) 2.207: [DefNew: 959K->63K(960K), 0.0025159 secs] 27442K->27399K(1023936K), 0.0025899 secs] [Times: user=0.00 sys=0.00, real=0.00 secs] 
2.302: [GC (Allocation Failure) 2.302: [DefNew: 959K->64K(960K), 0.0025456 secs] 28295K->28236K(1023936K), 0.0026199 secs] [Times: user=0.00 sys=0.00, real=0.00 secs] 
2.340: [GC (Allocation Failure) 2.340: [DefNew: 960K->63K(960K), 0.0046632 secs] 29132K->29118K(1023936K), 0.0047522 secs] [Times: user=0.00 sys=0.00, real=0.00 secs] 
2.436: [GC (Allocation Failure) 2.436: [DefNew: 959K->63K(960K), 0.0034148 secs] 30014K->29963K(1023936K), 0.0035129 secs] [Times: user=0.00 sys=0.00, real=0.00 secs] 
2.501: [GC (Allocation Failure) 2.501: [DefNew: 959K->64K(960K), 0.0023874 secs] 30859K->30808K(1023936K), 0.0024642 secs] [Times: user=0.00 sys=0.00, real=0.00 secs] 
2.582: [GC (Allocation Failure) 2.582: [DefNew: 960K->64K(960K), 0.0023553 secs] 31704K->31554K(1023936K), 0.0024360 secs] [Times: user=0.00 sys=0.00, real=0.00 secs] 
2.665: [GC (Allocation Failure) 2.665: [DefNew: 960K->63K(960K), 0.0023473 secs] 32450K->32316K(1023936K), 0.0024066 secs] [Times: user=0.00 sys=0.00, real=0.00 secs] 
2.727: [GC (Allocation Failure) 2.727: [DefNew: 959K->64K(960K), 0.0025815 secs] 33212K->33103K(1023936K), 0.0026573 secs] [Times: user=0.00 sys=0.00, real=0.00 secs] 
2.779: [GC (Allocation Failure) 2.779: [DefNew: 959K->64K(960K), 0.0021602 secs] 33999K->33795K(1023936K), 0.0022359 secs] [Times: user=0.02 sys=0.00, real=0.00 secs] 
2.865: [GC (Allocation Failure) 2.865: [DefNew: 960K->63K(960K), 0.0025274 secs] 34691K->34549K(1023936K), 0.0025854 secs] [Times: user=0.00 sys=0.00, real=0.00 secs] 
2.944: [GC (Allocation Failure) 2.944: [DefNew: 959K->64K(960K), 0.0021337 secs] 35445K->35300K(1023936K), 0.0022007 secs] [Times: user=0.00 sys=0.00, real=0.00 secs] 
3.027: [GC (Allocation Failure) 3.027: [DefNew: 960K->63K(960K), 0.0035506 secs] 36196K->36167K(1023936K), 0.0036421 secs] [Times: user=0.00 sys=0.00, real=0.00 secs] 
3.078: [GC (Allocation Failure) 3.078: [DefNew: 959K->64K(960K), 0.0043270 secs] 37062K->37038K(1023936K), 0.0044220 secs] [Times: user=0.00 sys=0.00, real=0.00 secs] 
3.130: [GC (Allocation Failure) 3.130: [DefNew: 960K->63K(960K), 0.0042952 secs] 37934K->37918K(1023936K), 0.0044111 secs] [Times: user=0.00 sys=0.00, real=0.00 secs] 
3.194: [GC (Allocation Failure) 3.194: [DefNew: 959K->64K(960K), 0.0040264 secs] 38814K->38792K(1023936K), 0.0041172 secs] [Times: user=0.00 sys=0.00, real=0.00 secs] 
3.253: [GC (Allocation Failure) 3.253: [DefNew: 960K->64K(960K), 0.0046342 secs] 39688K->39678K(1023936K), 0.0047410 secs] [Times: user=0.00 sys=0.00, real=0.00 secs] 
3.332: [GC (Allocation Failure) 3.332: [DefNew: 960K->63K(960K), 0.0044247 secs] 40574K->40555K(1023936K), 0.0045169 secs] [Times: user=0.00 sys=0.00, real=0.00 secs] 
3.386: [GC (Allocation Failure) 3.386: [DefNew: 959K->63K(960K), 0.0051966 secs] 41451K->41435K(1023936K), 0.0052954 secs] [Times: user=0.01 sys=0.00, real=0.00 secs] 
3.460: [GC (Allocation Failure) 3.460: [DefNew: 959K->63K(960K), 0.0028664 secs] 42331K->42304K(1023936K), 0.0029512 secs] [Times: user=0.00 sys=0.00, real=0.00 secs] 
3.508: [GC (Allocation Failure) 3.508: [DefNew: 959K->63K(960K), 0.0042614 secs] 43200K->43148K(1023936K), 0.0043588 secs] [Times: user=0.00 sys=0.00, real=0.00 secs] 
3.576: [GC (Allocation Failure) 3.576: [DefNew: 959K->64K(960K), 0.0031795 secs] 44044K->44014K(1023936K), 0.0032563 secs] [Times: user=0.00 sys=0.00, real=0.00 secs] 
3.624: [GC (Allocation Failure) 3.624: [DefNew: 960K->64K(960K), 0.0033852 secs] 44910K->44875K(1023936K), 0.0034661 secs] [Times: user=0.00 sys=0.00, real=0.00 secs] 
3.671: [GC (Allocation Failure) 3.671: [DefNew: 960K->64K(960K), 0.0027400 secs] 45771K->45727K(1023936K), 0.0028273 secs] [Times: user=0.00 sys=0.00, real=0.00 secs] 
3.800: [GC (Allocation Failure) 3.800: [DefNew: 960K->63K(960K), 0.0045036 secs] 46623K->46608K(1023936K), 0.0045989 secs] [Times: user=0.00 sys=0.00, real=0.00 secs] 
3.897: [GC (Allocation Failure) 3.897: [DefNew: 959K->63K(960K), 0.0045141 secs] 47504K->47484K(1023936K), 0.0046394 secs] [Times: user=0.00 sys=0.00, real=0.00 secs] 
3.963: [GC (Allocation Failure) 3.963: [DefNew: 959K->64K(960K), 0.0030549 secs] 48380K->48352K(1023936K), 0.0031345 secs] [Times: user=0.00 sys=0.00, real=0.00 secs] 
4.011: [GC (Allocation Failure) 4.011: [DefNew: 960K->63K(960K), 0.0031349 secs] 49248K->49198K(1023936K), 0.0032103 secs] [Times: user=0.02 sys=0.00, real=0.00 secs] 
4.103: [GC (Allocation Failure) 4.103: [DefNew: 959K->63K(960K), 0.0047246 secs] 50094K->50083K(1023936K), 0.0048224 secs] [Times: user=0.00 sys=0.00, real=0.00 secs] 
4.193: [GC (Allocation Failure) 4.193: [DefNew: 959K->63K(960K), 0.0031802 secs] 50979K->50950K(1023936K), 0.0032665 secs] [Times: user=0.00 sys=0.00, real=0.00 secs] 
4.241: [GC (Allocation Failure) 4.241: [DefNew: 959K->64K(960K), 0.0050898 secs] 51846K->51828K(1023936K), 0.0051865 secs] [Times: user=0.00 sys=0.00, real=0.00 secs] 
4.305: [GC (Allocation Failure) 4.305: [DefNew: 960K->63K(960K), 0.0045228 secs] 52724K->52711K(1023936K), 0.0046185 secs] [Times: user=0.00 sys=0.00, real=0.00 secs] 
4.352: [GC (Allocation Failure) 4.352: [DefNew: 959K->64K(960K), 0.0049948 secs] 53607K->53591K(1023936K), 0.0050901 secs] [Times: user=0.00 sys=0.00, real=0.00 secs] 
4.436: [GC (Allocation Failure) 4.436: [DefNew: 960K->63K(960K), 0.0046611 secs] 54487K->54475K(1023936K), 0.0047599 secs] [Times: user=0.00 sys=0.00, real=0.00 secs] 
4.494: [GC (Allocation Failure) 4.494: [DefNew: 959K->64K(960K), 0.0055953 secs] 55371K->55363K(1023936K), 0.0057031 secs] [Times: user=0.02 sys=0.00, real=0.00 secs] 
4.591: [GC (Allocation Failure) 4.591: [DefNew: 960K->63K(960K), 0.0046949 secs] 57283K->57241K(1023936K), 0.0047763 secs] [Times: user=0.00 sys=0.00, real=0.00 secs] 
4.669: [GC (Allocation Failure) 4.669: [DefNew: 959K->64K(960K), 0.0050461 secs] 58137K->58090K(1023936K), 0.0051456 secs] [Times: user=0.00 sys=0.00, real=0.00 secs] 
4.716: [GC (Allocation Failure) 4.716: [DefNew: 960K->63K(960K), 0.0031893 secs] 58986K->58962K(1023936K), 0.0032794 secs] [Times: user=0.00 sys=0.00, real=0.00 secs] 
4.764: [GC (Allocation Failure) 4.764: [DefNew: 959K->64K(960K), 0.0049103 secs] 59858K->59827K(1023936K), 0.0050053 secs] [Times: user=0.00 sys=0.00, real=0.00 secs] 
4.876: [GC (Allocation Failure) 4.876: [DefNew: 960K->63K(960K), 0.0037559 secs] 60723K->60697K(1023936K), 0.0038400 secs] [Times: user=0.00 sys=0.00, real=0.00 secs] 
4.955: [GC (Allocation Failure) 4.955: [DefNew: 959K->63K(960K), 0.0055317 secs] 61593K->61533K(1023936K), 0.0056459 secs] [Times: user=0.00 sys=0.00, real=0.00 secs] 
5.005: [GC (Allocation Failure) 5.005: [DefNew: 959K->64K(960K), 0.0049554 secs] 62429K->62415K(1023936K), 0.0050597 secs] [Times: user=0.00 sys=0.00, real=0.00 secs] 
5.083: [GC (Allocation Failure) 5.083: [DefNew: 960K->64K(960K), 0.0034955 secs] 63311K->63285K(1023936K), 0.0035813 secs] [Times: user=0.00 sys=0.00, real=0.00 secs] 
5.132: [GC (Allocation Failure) 5.132: [DefNew: 960K->63K(960K), 0.0028657 secs] 64181K->64170K(1023936K), 0.0029470 secs] [Times: user=0.00 sys=0.00, real=0.00 secs] 
5.181: [GC (Allocation Failure) 5.181: [DefNew: 959K->64K(960K), 0.0057544 secs] 65066K->65044K(1023936K), 0.0058560 secs] [Times: user=0.01 sys=0.00, real=0.00 secs] 
5.340: [GC (Allocation Failure) 5.340: [DefNew: 960K->63K(960K), 0.0031108 secs] 65940K->65915K(1023936K), 0.0031886 secs] [Times: user=0.00 sys=0.00, real=0.00 secs] 
5.387: [GC (Allocation Failure) 5.387: [DefNew: 959K->63K(960K), 0.0031729 secs] 66811K->66760K(1023936K), 0.0032528 secs] [Times: user=0.00 sys=0.00, real=0.00 secs] 
5.465: [GC (Allocation Failure) 5.465: [DefNew: 959K->63K(960K), 0.0051512 secs] 67656K->67597K(1023936K), 0.0052535 secs] [Times: user=0.00 sys=0.00, real=0.00 secs] 
5.512: [GC (Allocation Failure) 5.512: [DefNew: 959K->63K(960K), 0.0050968 secs] 68493K->68475K(1023936K), 0.0051934 secs] [Times: user=0.00 sys=0.00, real=0.00 secs] 
5.563: [GC (Allocation Failure) 5.563: [DefNew: 959K->63K(960K), 0.0026350 secs] 69371K->69309K(1023936K), 0.0027156 secs] [Times: user=0.00 sys=0.00, real=0.00 secs] 
5.611: [GC (Allocation Failure) 5.611: [DefNew: 959K->64K(960K), 0.0051571 secs] 70205K->70192K(1023936K), 0.0052566 secs] [Times: user=0.00 sys=0.00, real=0.00 secs] 
5.669: [GC (Allocation Failure) 5.669: [DefNew: 960K->64K(960K), 0.0051805 secs] 71088K->71071K(1023936K), 0.0052825 secs] [Times: user=0.00 sys=0.00, real=0.00 secs] 
5.769: [GC (Allocation Failure) 5.769: [DefNew: 960K->63K(960K), 0.0039332 secs] 71967K->71929K(1023936K), 0.0040177 secs] [Times: user=0.00 sys=0.00, real=0.00 secs] 
5.816: [GC (Allocation Failure) 5.816: [DefNew: 959K->64K(960K), 0.0029003 secs] 72825K->72730K(1023936K), 0.0029788 secs] [Times: user=0.00 sys=0.00, real=0.00 secs] 
5.904: [GC (Allocation Failure) 5.904: [DefNew: 960K->63K(960K), 0.0040090 secs] 73626K->73591K(1023936K), 0.0040969 secs] [Times: user=0.00 sys=0.00, real=0.00 secs] 
5.956: [GC (Allocation Failure) 5.956: [DefNew: 959K->63K(960K), 0.0059039 secs] 74487K->74461K(1023936K), 0.0060093 secs] [Times: user=0.00 sys=0.00, real=0.00 secs] 
6.049: [GC (Allocation Failure) 6.049: [DefNew: 959K->64K(960K), 0.0055017 secs] 75357K->75337K(1023936K), 0.0056015 secs] [Times: user=0.00 sys=0.00, real=0.00 secs] 
6.112: [GC (Allocation Failure) 6.112: [DefNew: 959K->63K(960K), 0.0053579 secs] 76233K->76221K(1023936K), 0.0054497 secs] [Times: user=0.00 sys=0.00, real=0.00 secs] 
6.162: [GC (Allocation Failure) 6.162: [DefNew: 959K->63K(960K), 0.0058686 secs] 77117K->77107K(1023936K), 0.0059754 secs] [Times: user=0.02 sys=0.00, real=0.00 secs] 
6.218: [GC (Allocation Failure) 6.218: [DefNew: 959K->63K(960K), 0.0028008 secs] 78003K->77826K(1023936K), 0.0028654 secs] [Times: user=0.00 sys=0.00, real=0.00 secs] 
6.279: [GC (Allocation Failure) 6.279: [DefNew: 959K->64K(960K), 0.0028235 secs] 78722K->78675K(1023936K), 0.0028961 secs] [Times: user=0.00 sys=0.00, real=0.00 secs] 
6.329: [GC (Allocation Failure) 6.329: [DefNew: 960K->64K(960K), 0.0048213 secs] 79571K->79538K(1023936K), 0.0049107 secs] [Times: user=0.00 sys=0.00, real=0.00 secs] 
6.395: [GC (Allocation Failure) 6.395: [DefNew: 960K->63K(960K), 0.0030853 secs] 80434K->80401K(1023936K), 0.0031603 secs] [Times: user=0.00 sys=0.00, real=0.00 secs] 
6.494: [GC (Allocation Failure) 6.494: [DefNew: 959K->63K(960K), 0.0029725 secs] 81297K->81250K(1023936K), 0.0030469 secs] [Times: user=0.00 sys=0.00, real=0.00 secs] 
6.556: [GC (Allocation Failure) 6.556: [DefNew: 959K->64K(960K), 0.0056054 secs] 82146K->82097K(1023936K), 0.0058096 secs] [Times: user=0.00 sys=0.00, real=0.00 secs] 
6.603: [GC (Allocation Failure) 6.603: [DefNew: 960K->64K(960K), 0.0033921 secs] 82993K->82936K(1023936K), 0.0034742 secs] [Times: user=0.00 sys=0.00, real=0.00 secs] 
6.651: [GC (Allocation Failure) 6.651: [DefNew: 960K->63K(960K), 0.0028748 secs] 83832K->83770K(1023936K), 0.0029509 secs] [Times: user=0.00 sys=0.00, real=0.00 secs] 
6.700: [GC (Allocation Failure) 6.700: [DefNew: 959K->64K(960K), 0.0060142 secs] 84666K->84657K(1023936K), 0.0061203 secs] [Times: user=0.00 sys=0.00, real=0.00 secs] 
6.747: [GC (Allocation Failure) 6.747: [DefNew: 960K->64K(960K), 0.0057073 secs] 85553K->85538K(1023936K), 0.0058075 secs] [Times: user=0.00 sys=0.00, real=0.00 secs] 
6.819: [GC (Allocation Failure) 6.819: [DefNew: 960K->63K(960K), 0.0031911 secs] 86434K->86403K(1023936K), 0.0032675 secs] [Times: user=0.01 sys=0.00, real=0.00 secs] 
6.867: [GC (Allocation Failure) 6.867: [DefNew: 959K->64K(960K), 0.0052074 secs] 87299K->87276K(1023936K), 0.0053156 secs] [Times: user=0.00 sys=0.00, real=0.00 secs] 
6.945: [GC (Allocation Failure) 6.945: [DefNew: 960K->63K(960K), 0.0057572 secs] 88172K->88151K(1023936K), 0.0058564 secs] [Times: user=0.00 sys=0.00, real=0.00 secs] 
6.992: [GC (Allocation Failure) 6.992: [DefNew: 959K->63K(960K), 0.0058522 secs] 89047K->89035K(1023936K), 0.0059475 secs] [Times: user=0.00 sys=0.00, real=0.00 secs] 
7.041: [GC (Allocation Failure) 7.041: [DefNew: 959K->63K(960K), 0.0055652 secs] 89931K->89921K(1023936K), 0.0056630 secs] [Times: user=0.00 sys=0.00, real=0.00 secs] 
7.145: [GC (Allocation Failure) 7.145: [DefNew: 959K->64K(960K), 0.0033464 secs] 90817K->90796K(1023936K), 0.0034183 secs] [Times: user=0.00 sys=0.00, real=0.00 secs] 
7.224: [GC (Allocation Failure) 7.224: [DefNew: 960K->64K(960K), 0.0063535 secs] 91692K->91670K(1023936K), 0.0064645 secs] [Times: user=0.02 sys=0.00, real=0.00 secs] 
7.271: [GC (Allocation Failure) 7.271: [DefNew: 960K->64K(960K), 0.0060868 secs] 92566K->92542K(1023936K), 0.0061856 secs] [Times: user=0.02 sys=0.00, real=0.00 secs] 
7.355: [GC (Allocation Failure) 7.355: [DefNew: 960K->63K(960K), 0.0056609 secs] 93438K->93421K(1023936K), 0.0057600 secs] [Times: user=0.00 sys=0.00, real=0.00 secs] 
7.402: [GC (Allocation Failure) 7.402: [DefNew: 959K->64K(960K), 0.0052675 secs] 94317K->94309K(1023936K), 0.0053554 secs] [Times: user=0.00 sys=0.00, real=0.00 secs] 
7.454: [GC (Allocation Failure) 7.454: [DefNew: 960K->63K(960K), 0.0031132 secs] 95205K->95173K(1023936K), 0.0031952 secs] [Times: user=0.00 sys=0.00, real=0.00 secs] 
7.501: [GC (Allocation Failure) 7.501: [DefNew: 959K->63K(960K), 0.0058888 secs] 96069K->96057K(1023936K), 0.0059880 secs] [Times: user=0.00 sys=0.00, real=0.00 secs] 
7.581: [GC (Allocation Failure) 7.581: [DefNew: 959K->63K(960K), 0.0039360 secs] 96953K->96937K(1023936K), 0.0040170 secs] [Times: user=0.00 sys=0.00, real=0.00 secs] 
7.628: [GC (Allocation Failure) 7.628: [DefNew: 959K->64K(960K), 0.0052158 secs] 97833K->97820K(1023936K), 0.0053073 secs] [Times: user=0.00 sys=0.00, real=0.00 secs] 
7.677: [GC (Allocation Failure) 7.677: [DefNew: 960K->63K(960K), 0.0053523 secs] 98716K->98703K(1023936K), 0.0054451 secs] [Times: user=0.01 sys=0.00, real=0.00 secs] 
7.724: [GC (Allocation Failure) 7.724: [DefNew: 959K->63K(960K), 0.0060033 secs] 99599K->99589K(1023936K), 0.0061011 secs] [Times: user=0.00 sys=0.00, real=0.00 secs] 
7.772: [GC (Allocation Failure) 7.772: [DefNew: 959K->63K(960K), 0.0057202 secs] 100485K->100474K(1023936K), 0.0058232 secs] [Times: user=0.00 sys=0.00, real=0.00 secs] 
7.834: [GC (Allocation Failure) 7.834: [DefNew: 959K->64K(960K), 0.0060826 secs] 101370K->101358K(1023936K), 0.0061845 secs] [Times: user=0.00 sys=0.00, real=0.00 secs] 
7.882: [GC (Allocation Failure) 7.882: [DefNew: 960K->64K(960K), 0.0064708 secs] 102254K->102239K(1023936K), 0.0065793 secs] [Times: user=0.00 sys=0.00, real=0.00 secs] 
7.929: [GC (Allocation Failure) 7.929: [DefNew: 960K->63K(960K), 0.0060065 secs] 103135K->103107K(1023936K), 0.0061056 secs] [Times: user=0.00 sys=0.00, real=0.00 secs] 
8.000: [GC (Allocation Failure) 8.000: [DefNew: 959K->64K(960K), 0.0058225 secs] 104003K->103987K(1023936K), 0.0059255 secs] [Times: user=0.00 sys=0.00, real=0.00 secs] 
8.047: [GC (Allocation Failure) 8.047: [DefNew: 960K->63K(960K), 0.0064826 secs] 104883K->104869K(1023936K), 0.0065727 secs] [Times: user=0.00 sys=0.00, real=0.00 secs] 
8.115: [GC (Allocation Failure) 8.115: [DefNew: 959K->63K(960K), 0.0031977 secs] 105765K->105732K(1023936K), 0.0032804 secs] [Times: user=0.00 sys=0.00, real=0.00 secs] 
8.170: [GC (Allocation Failure) 8.170: [DefNew: 959K->63K(960K), 0.0059492 secs] 106628K->106622K(1023936K), 0.0060515 secs] [Times: user=0.00 sys=0.00, real=0.00 secs] 
8.217: [GC (Allocation Failure) 8.217: [DefNew: 959K->63K(960K), 0.0039737 secs] 107518K->107478K(1023936K), 0.0040568 secs] [Times: user=0.00 sys=0.00, real=0.00 secs] 
8.264: [GC (Allocation Failure) 8.264: [DefNew: 959K->64K(960K), 0.0060376 secs] 108374K->108359K(1023936K), 0.0061332 secs] [Times: user=0.00 sys=0.00, real=0.00 secs] 
8.311: [GC (Allocation Failure) 8.311: [DefNew: 960K->63K(960K), 0.0058047 secs] 109255K->109243K(1023936K), 0.0059018 secs] [Times: user=0.00 sys=0.00, real=0.00 secs] 
8.360: [GC (Allocation Failure) 8.360: [DefNew: 959K->63K(960K), 0.0055565 secs] 110139K->110130K(1023936K), 0.0056494 secs] [Times: user=0.00 sys=0.00, real=0.00 secs] 
8.425: [GC (Allocation Failure) 8.425: [DefNew: 959K->63K(960K), 0.0065860 secs] 111026K->111016K(1023936K), 0.0066890 secs] [Times: user=0.02 sys=0.00, real=0.00 secs] 
8.559: [GC (Allocation Failure) 8.559: [DefNew: 959K->64K(960K), 0.0076657 secs] 113960K->113871K(1023936K), 0.0077425 secs] [Times: user=0.00 sys=0.00, real=0.00 secs] 
8.609: [GC (Allocation Failure) 8.609: [DefNew: 960K->64K(960K), 0.0038840 secs] 114767K->114680K(1023936K), 0.0039716 secs] [Times: user=0.00 sys=0.00, real=0.00 secs] 
8.656: [GC (Allocation Failure) 8.656: [DefNew: 959K->64K(960K), 0.0035433 secs] 115575K->115524K(1023936K), 0.0036320 secs] [Times: user=0.00 sys=0.00, real=0.00 secs] 
8.729: [GC (Allocation Failure) 8.729: [DefNew: 960K->64K(960K), 0.0033551 secs] 116420K->116406K(1023936K), 0.0034337 secs] [Times: user=0.00 sys=0.00, real=0.00 secs] 
8.777: [GC (Allocation Failure) 8.777: [DefNew: 960K->63K(960K), 0.0062233 secs] 117302K->117261K(1023936K), 0.0063381 secs] [Times: user=0.00 sys=0.00, real=0.00 secs] 
8.841: [GC (Allocation Failure) 8.841: [DefNew: 959K->63K(960K), 0.0034459 secs] 118157K->118114K(1023936K), 0.0035216 secs] [Times: user=0.00 sys=0.00, real=0.00 secs] 
8.891: [GC (Allocation Failure) 8.891: [DefNew: 959K->64K(960K), 0.0036822 secs] 119010K->118930K(1023936K), 0.0037702 secs] [Times: user=0.00 sys=0.00, real=0.00 secs] 
8.971: [GC (Allocation Failure) 8.971: [DefNew: 960K->64K(960K), 0.0058068 secs] 119826K->119734K(1023936K), 0.0059129 secs] [Times: user=0.02 sys=0.00, real=0.00 secs] 
9.059: [GC (Allocation Failure) 9.059: [DefNew: 960K->63K(960K), 0.0061091 secs] 120630K->120606K(1023936K), 0.0062131 secs] [Times: user=0.00 sys=0.00, real=0.00 secs] 
9.128: [GC (Allocation Failure) 9.128: [DefNew: 959K->64K(960K), 0.0057572 secs] 121502K->121486K(1023936K), 0.0058599 secs] [Times: user=0.02 sys=0.00, real=0.00 secs] 
9.212: [GC (Allocation Failure) 9.212: [DefNew: 959K->63K(960K), 0.0056082 secs] 122382K->122368K(1023936K), 0.0057038 secs] [Times: user=0.00 sys=0.00, real=0.00 secs] 
9.278: [GC (Allocation Failure) 9.278: [DefNew: 959K->64K(960K), 0.0035307 secs] 123264K->123209K(1023936K), 0.0036075 secs] [Times: user=0.00 sys=0.00, real=0.00 secs] 
9.325: [GC (Allocation Failure) 9.325: [DefNew: 960K->63K(960K), 0.0059105 secs] 124105K->124073K(1023936K), 0.0060026 secs] [Times: user=0.00 sys=0.00, real=0.00 secs] 
9.377: [GC (Allocation Failure) 9.377: [DefNew: 959K->64K(960K), 0.0031600 secs] 124969K->124903K(1023936K), 0.0032329 secs] [Times: user=0.01 sys=0.00, real=0.00 secs] 
9.426: [GC (Allocation Failure) 9.426: [DefNew: 960K->63K(960K), 0.0038610 secs] 125799K->125747K(1023936K), 0.0039552 secs] [Times: user=0.00 sys=0.00, real=0.00 secs] 
9.474: [GC (Allocation Failure) 9.474: [DefNew: 959K->64K(960K), 0.0039378 secs] 126643K->126601K(1023936K), 0.0040208 secs] [Times: user=0.00 sys=0.00, real=0.00 secs] 
9.523: [GC (Allocation Failure) 9.523: [DefNew: 959K->64K(960K), 0.0038892 secs] 127497K->127449K(1023936K), 0.0039744 secs] [Times: user=0.00 sys=0.00, real=0.00 secs] 
9.571: [GC (Allocation Failure) 9.571: [DefNew: 960K->64K(960K), 0.0041242 secs] 128345K->128234K(1023936K), 0.0042062 secs] [Times: user=0.00 sys=0.00, real=0.00 secs] 
9.619: [GC (Allocation Failure) 9.619: [DefNew: 960K->63K(960K), 0.0066174 secs] 129130K->129113K(1023936K), 0.0067263 secs] [Times: user=0.00 sys=0.00, real=0.00 secs] 
9.698: [GC (Allocation Failure) 9.698: [DefNew: 959K->64K(960K), 0.0054811 secs] 130008K->129992K(1023936K), 0.0055809 secs] [Times: user=0.00 sys=0.00, real=0.00 secs] 
9.745: [GC (Allocation Failure) 9.745: [DefNew: 960K->64K(960K), 0.0062170 secs] 130888K->130872K(1023936K), 0.0063175 secs] [Times: user=0.00 sys=0.00, real=0.00 secs] 
9.792: [GC (Allocation Failure) 9.792: [DefNew: 960K->63K(960K), 0.0032026 secs] 131768K->131662K(1023936K), 0.0032773 secs] [Times: user=0.00 sys=0.00, real=0.00 secs] 
9.859: [GC (Allocation Failure) 9.859: [DefNew: 959K->64K(960K), 0.0063706 secs] 132558K->132510K(1023936K), 0.0065263 secs] [Times: user=0.00 sys=0.00, real=0.00 secs] 
9.960: [GC (Allocation Failure) 9.960: [DefNew: 960K->64K(960K), 0.0062027 secs] 133406K->133369K(1023936K), 0.0063015 secs] [Times: user=0.00 sys=0.00, real=0.00 secs] 
10.042: [GC (Allocation Failure) 10.042: [DefNew: 960K->63K(960K), 0.0058518 secs] 134265K->134250K(1023936K), 0.0059416 secs] [Times: user=0.00 sys=0.00, real=0.00 secs] 
10.124: [GC (Allocation Failure) 10.124: [DefNew: 959K->64K(960K), 0.0038058 secs] 135146K->135122K(1023936K), 0.0040236 secs] [Times: user=0.00 sys=0.00, real=0.00 secs] 
10.217: [GC (Allocation Failure) 10.217: [DefNew: 960K->64K(960K), 0.0037604 secs] 136018K->135954K(1023936K), 0.0038442 secs] [Times: user=0.00 sys=0.00, real=0.00 secs] 
10.265: [GC (Allocation Failure) 10.265: [DefNew: 960K->64K(960K), 0.0060445 secs] 136850K->136796K(1023936K), 0.0061475 secs] [Times: user=0.00 sys=0.00, real=0.00 secs] 
10.325: [GC (Allocation Failure) 10.325: [DefNew: 960K->63K(960K), 0.0035014 secs] 137692K->137651K(1023936K), 0.0035796 secs] [Times: user=0.00 sys=0.00, real=0.00 secs] 
10.410: [GC (Allocation Failure) 10.410: [DefNew: 959K->64K(960K), 0.0060330 secs] 138547K->138496K(1023936K), 0.0061294 secs] [Times: user=0.00 sys=0.00, real=0.00 secs] 
10.457: [GC (Allocation Failure) 10.457: [DefNew: 960K->64K(960K), 0.0057307 secs] 139392K->139380K(1023936K), 0.0058267 secs] [Times: user=0.00 sys=0.00, real=0.00 secs] 
10.530: [GC (Allocation Failure) 10.530: [DefNew: 960K->64K(960K), 0.0035716 secs] 140276K->140262K(1023936K), 0.0036484 secs] [Times: user=0.00 sys=0.00, real=0.00 secs] 
10.627: [GC (Allocation Failure) 10.627: [DefNew: 960K->64K(960K), 0.0034120 secs] 141158K->141113K(1023936K), 0.0034913 secs] [Times: user=0.00 sys=0.00, real=0.00 secs] 
10.675: [GC (Allocation Failure) 10.675: [DefNew: 960K->63K(960K), 0.0063633 secs] 142009K->141985K(1023936K), 0.0064603 secs] [Times: user=0.00 sys=0.00, real=0.00 secs] 
10.739: [GC (Allocation Failure) 10.739: [DefNew: 959K->64K(960K), 0.0045993 secs] 142881K->142868K(1023936K), 0.0046859 secs] [Times: user=0.00 sys=0.00, real=0.00 secs] 
10.787: [GC (Allocation Failure) 10.787: [DefNew: 960K->64K(960K), 0.0070230 secs] 143764K->143748K(1023936K), 0.0071267 secs] [Times: user=0.00 sys=0.00, real=0.00 secs] 
10.836: [GC (Allocation Failure) 10.836: [DefNew: 960K->64K(960K), 0.0061437 secs] 144644K->144627K(1023936K), 0.0062386 secs] [Times: user=0.00 sys=0.00, real=0.00 secs] 
10.885: [GC (Allocation Failure) 10.885: [DefNew: 959K->63K(960K), 0.0060728 secs] 145523K->145506K(1023936K), 0.0061723 secs] [Times: user=0.00 sys=0.00, real=0.00 secs] 
10.932: [GC (Allocation Failure) 10.932: [DefNew: 959K->63K(960K), 0.0069518 secs] 146402K->146389K(1023936K), 0.0070663 secs] [Times: user=0.00 sys=0.00, real=0.00 secs] 
10.979: [GC (Allocation Failure) 10.979: [DefNew: 959K->64K(960K), 0.0065012 secs] 147285K->147244K(1023936K), 0.0066076 secs] [Times: user=0.00 sys=0.00, real=0.00 secs] 
11.036: [GC (Allocation Failure) 11.036: [DefNew: 960K->64K(960K), 0.0065190 secs] 148140K->148128K(1023936K), 0.0066219 secs] [Times: user=0.00 sys=0.00, real=0.00 secs] 
11.083: [GC (Allocation Failure) 11.083: [DefNew: 960K->64K(960K), 0.0033597 secs] 149024K->148954K(1023936K), 0.0034337 secs] [Times: user=0.00 sys=0.00, real=0.00 secs] 
11.130: [GC (Allocation Failure) 11.130: [DefNew: 960K->64K(960K), 0.0061657 secs] 149850K->149838K(1023936K), 0.0062631 secs] [Times: user=0.00 sys=0.00, real=0.00 secs] 
11.177: [GC (Allocation Failure) 11.177: [DefNew: 960K->64K(960K), 0.0036693 secs] 150734K->150648K(1023936K), 0.0037555 secs] [Times: user=0.00 sys=0.00, real=0.00 secs] 
11.224: [GC (Allocation Failure) 11.224: [DefNew: 960K->63K(960K), 0.0062683 secs] 151544K->151519K(1023936K), 0.0063671 secs] [Times: user=0.00 sys=0.00, real=0.00 secs] 
